.\compile.bat : 
src/runtime/vm.c:1801:61: 
error: function definition 
is not allowed here
At line:1 char:1
+ .\compile.bat > 
build_output.txt 2>&1
+ ~~~~~~~~~~~~~~~~~~~~~~~~~~
~~~~~~~~~~~
    + CategoryInfo          
    : NotSpecified: (src/r  
  untime/vm....ot allowed   
  here:String) [], Remot    
eException
    + FullyQualifiedErrorId 
    : NativeCommandError
 
 1801 | InterpretResult 
interpretAST(VM* pvm, 
StmtList* statements) {
      |                     
                            
            ^
src/runtime/vm.c:1845:56: 
error: function definition 
is not allowed here
 1845 | InterpretResult 
interpret(VM* pvm, const 
char* source) {
      |                     
                            
       ^
src/runtime/vm.c:1865:64: 
error: function definition 
is not allowed here
 1865 | void 
defineNative(VM* vm, const 
char* name, NativeFn 
function) {
      |                     
                            
               ^
src/runtime/vm.c:1873:55: 
error: function definition 
is not allowed here
 1873 | InterpretResult 
interpretChunk(VM* pvm, 
Chunk* chunk) {
      |                     
                            
      ^
src/runtime/vm.c:1904:1: 
error: expected '}'
 1904 | 
      | ^
src/runtime/vm.c:249:36: 
note: to match this '{'
  249 | static 
InterpretResult run(VM* vm) 
{
      |                     
               ^
5 errors generated.
Build complete.
